---
version: 1.3.1
title: test A string starting with a incorrect grapheme should return an error
---
I sent an invalid string "A_string_should_not_start_with_an_uppercase" to Babel.identifier()

The status of the response should be an error :
  :error

And the message should contain a tuple with the :contains_invalid_grapheme error :
  {:contains_invalid_grapheme, 0, "A"}
